[www.atxtechnology.com/index.html]
[backblue.gif]
[fade.gif]
[index.html]
[ajax.googleapis.com/ajax/libs/webfont/1.5.3/webfont.js]
[www.atxtechnology.com/wp-includes/css/dist/block-library/style.min1c3d.css]
[www.atxtechnology.com/wp-includes/css/dist/block-library/theme.min1c3d.css]
[www.atxtechnology.com/wp-content/plugins/contact-form-7/includes/css/stylesde54.css]
[www.atxtechnology.com/feed/index.html]
[www.atxtechnology.com/wp-content/plugins/revslider/public/assets/css/rs63f21.css]
[www.atxtechnology.com/comments/feed/index.html]
[www.atxtechnology.com/wp-content/plugins/js_composer/assets/css/js_composer.minaec2.css]
[www.atxtechnology.com/wp-content/themes/induzy/assets/css/theme.min5152.css]
[www.atxtechnology.com/wp-content/themes/induzy/style5152.css]
[www.atxtechnology.com/wp-content/themes/induzy/assets/css/shortcode5152.css]
[www.atxtechnology.com/wp-content/uploads/induzy/theme_15152.css]
[www.atxtechnology.com/wp-content/themes/induzy-child/style.css]
[www.atxtechnology.com/wp-includes/js/jquery/jquery4a5f.js]
[www.atxtechnology.com/wp-content/plugins/revslider/public/assets/js/rbtools.min3f21.js]
[www.atxtechnology.com/wp-json/wp/v2/pages/3261.json]
[www.atxtechnology.com/wp-json/index.html]
[www.atxtechnology.com/wp-content/plugins/revslider/public/assets/js/rs6.min3f21.js]
[www.atxtechnology.com/xmlrpc0db0.php]
[www.atxtechnology.com/wp-includes/wlwmanifest.xml]
[www.atxtechnology.com/wp-json/oembed/1.0/embed5ddf.json]
[www.atxtechnology.com/wp-json/oembed/1.0/embed36fd]
[www.atxtechnology.com/wp-content/uploads/2020/09/ATX-logo.png]
[www.atxtechnology.com/contact-us/index.html]
[www.atxtechnology.com/wp-content/uploads/2020/09/banner-2.jpg]
[www.atxtechnology.com/about-us/index.html]
[www.atxtechnology.com/our-services/index.html]
[www.atxtechnology.com/wp-content/uploads/2020/09/ATX-Technology-Services-1.jpg]
[www.atxtechnology.com/telecom-infrastructure-services/osp-construction/index.html]
[www.atxtechnology.com/telecom-infrastructure-services/index.html]
[www.atxtechnology.com/wp-content/uploads/2020/09/telecom-Infrastucture-services.jpg]
[www.atxtechnology.com/telecom-infrastructure-services/underground-cable-construction/index.html]
[www.atxtechnology.com/telecom-infrastructure-services/inside-plant-cabling-structured-cabling/index.html]
[www.atxtechnology.com/wp-content/uploads/2020/09/Power-Infrastructure-Services.jpg]
[www.atxtechnology.com/telecom-infrastructure-services/atx-technology-telecom-critical-power-cooling-equipment-services/index.html]
[www.atxtechnology.com/telecom-infrastructure-services/wireless-network-planning/index.html]
[www.atxtechnology.com/wp-content/uploads/2020/09/Civil-Works.jpg]
[www.atxtechnology.com/telecom-infrastructure-services/wireless-network-deployment/index.html]
[www.atxtechnology.com/telecom-infrastructure-services/satellite-receiving-station-construction/index.html]
[www.atxtechnology.com/wp-content/uploads/2020/09/OSP-Construction.jpg]
[www.atxtechnology.com/telecom-infrastructure-services/aerial-cable-construction/index.html]
[www.atxtechnology.com/telecom-infrastructure-services/copper-fiber-optic-network-construction/index.html]
[www.atxtechnology.com/wp-content/uploads/2020/09/Maintenance-Repair-1.jpg]
[www.atxtechnology.com/power-infrastructure-services/index.html]
[www.atxtechnology.com/wp-content/uploads/2020/09/footer-768x400-1.jpg]
[www.atxtechnology.com/power-infrastructure-services/power-line-structures-civil-build/index.html]
[www.atxtechnology.com/power-infrastructure-services/underground-power-line-construction/index.html]
[www.atxtechnology.com/power-infrastructure-services/overhead-power-line-construction/index.html]
[www.atxtechnology.com/power-infrastructure-services/transformer-installation-maintenance-repairs/index.html]
[www.atxtechnology.com/power-infrastructure-services/substation-switchgear-installation/index.html]
[www.atxtechnology.com/civil-works/index.html]
[www.atxtechnology.com/wp-content/plugins/revslider/public/assets/fonts/font-awesome/css/font-awesome.css]
[www.atxtechnology.com/civil-works/directional-drilling-moling/index.html]
[www.atxtechnology.com/wp-content/plugins/contact-form-7/includes/js/scriptsde54.js]
[www.atxtechnology.com/civil-works/water-infrastructure-services/index.html]
[www.atxtechnology.com/civil-works/site-build-civil-works/index.html]
[www.atxtechnology.com/engineering-managed-services/index.html]
[www.atxtechnology.com/wp-content/themes/induzy/assets/js/popper.min5152.js]
[www.atxtechnology.com/engineering-managed-services/project-management/index.html]
[www.atxtechnology.com/engineering-managed-services/electrical-maintenance-repair/index.html]
[www.atxtechnology.com/engineering-managed-services/engineering-services/index.html]
[www.atxtechnology.com/civil-works/site-build-civil-works/24-7-emergency-response-fiber-repair/index.html]
[www.atxtechnology.com/wp-content/themes/induzy/assets/js/bootstrap.mincce7.js]
[www.atxtechnology.com/engineering-managed-services/sales-and-distribution/index.html]
[www.atxtechnology.com/wp-content/themes/induzy/assets/js/smart-resize.min5152.js]
[www.atxtechnology.com/projects/index.html]
[www.atxtechnology.com/portfolio-category/key-projects/index.html]
[www.atxtechnology.com/portfolio-category/completed-projects/index.html]
[www.atxtechnology.com/job-posting/index.html]
[www.atxtechnology.com/wp-content/themes/induzy/assets/js/owl.carousel.min77e6.js]
[www.atxtechnology.com/wp-content/plugins/js_composer/assets/lib/bower/isotope/dist/isotope.pkgd.minaec2.js]
[www.atxtechnology.com/why-work-here/index.html]
[www.atxtechnology.com/wp-content/themes/induzy/assets/js/infinite-scroll.pkgd.mind5f7.js]
[www.atxtechnology.com/wp-includes/js/imagesloaded.mineda1.js]
[www.atxtechnology.com/wp-content/themes/induzy/assets/js/jquery.stellar.min343b.js]
[www.atxtechnology.com/wp-content/themes/induzy/assets/js/sticky-kit.minc358.js]
[www.atxtechnology.com/wp-content/themes/induzy/assets/js/jquery.mb.YTPlayer.min5152.js]
[www.atxtechnology.com/wp-content/themes/induzy/assets/js/jquery.magnific.popup.minf488.js]
[www.atxtechnology.com/wp-content/themes/induzy/assets/js/jquery.easy.ticker.mind5f7.js]
[www.atxtechnology.com/wp-content/themes/induzy/assets/js/jquery.easing.min5152.js]
[www.atxtechnology.com/wp-content/themes/induzy/assets/js/jquery.countdown.min3601.js]
[www.atxtechnology.com/wp-content/themes/induzy/assets/js/jquery.circle.progress.min5152.js]
[www.atxtechnology.com/wp-content/themes/induzy/assets/js/jquery.appear.min5152.js]
[www.atxtechnology.com/wp-content/themes/induzy/assets/js/smoothscroll.min9ac0.js]
[www.atxtechnology.com/wp-content/themes/induzy/assets/js/theme5152.js]
[www.atxtechnology.com/wp-content/plugins/js_composer/assets/js/dist/js_composer_front.minaec2.js]
[www.atxtechnology.com/wp-includes/js/wp-embed.min1c3d.js]
[www.atxtechnology.com/index.html]
[www.atxtechnology.com/wp-includes/css/dist/block-library/style.min1c3d.css]
[www.atxtechnology.com/wp-includes/css/dist/block-library/theme.min1c3d.css]
[www.atxtechnology.com/wp-content/plugins/contact-form-7/assets/ajax-loader.gif]
[www.atxtechnology.com/wp-content/plugins/contact-form-7/includes/css/stylesde54.css]
[www.atxtechnology.com/wp-content/plugins/revslider/public/assets/fonts/revicons/revicons90c6.eot]
[www.atxtechnology.com/wp-content/plugins/revslider/public/assets/fonts/revicons/revicons90c6.woff]
[www.atxtechnology.com/wp-content/plugins/revslider/public/assets/fonts/revicons/revicons90c6.ttf]
[www.atxtechnology.com/wp-content/plugins/revslider/public/assets/assets/gridtile.png]
[www.atxtechnology.com/wp-content/plugins/revslider/public/assets/assets/gridtile_white.png]
[www.atxtechnology.com/wp-content/plugins/revslider/public/assets/assets/gridtile_3x3.png]
[www.atxtechnology.com/wp-content/plugins/revslider/public/assets/assets/gridtile_3x3_white.png]
[www.atxtechnology.com/wp-content/plugins/revslider/public/assets/assets/coloredbg.png]
[www.atxtechnology.com/wp-content/plugins/revslider/public/assets/assets/loader.gif]
[www.atxtechnology.com/wp-content/plugins/revslider/public/assets/css/rs63f21.css]
[www.atxtechnology.com/wp-content/plugins/js_composer/assets/vc/alert.png]
[www.atxtechnology.com/wp-content/plugins/js_composer/assets/vc/info.png]
[www.atxtechnology.com/wp-content/plugins/js_composer/assets/vc/tick.png]
[www.atxtechnology.com/wp-content/plugins/js_composer/assets/vc/exclamation.png]
[www.atxtechnology.com/wp-content/plugins/js_composer/assets/images/icons/address-book.png]
[www.atxtechnology.com/wp-content/plugins/js_composer/assets/images/icons/alarm-clock.png]
[www.atxtechnology.com/wp-content/plugins/js_composer/assets/images/icons/anchor.png]
[www.atxtechnology.com/wp-content/plugins/js_composer/assets/images/icons/application-image.png]
[www.atxtechnology.com/wp-content/plugins/js_composer/assets/images/icons/arrow.png]
[www.atxtechnology.com/wp-content/plugins/js_composer/assets/images/icons/asterisk.png]
[www.atxtechnology.com/wp-content/plugins/js_composer/assets/images/icons/auction-hammer.png]
[www.atxtechnology.com/wp-content/plugins/js_composer/assets/images/icons/balloon.png]
[www.atxtechnology.com/wp-content/plugins/js_composer/assets/images/icons/balloon-buzz.png]
[www.atxtechnology.com/wp-content/plugins/js_composer/assets/images/icons/balloon-facebook.png]
[www.atxtechnology.com/wp-content/plugins/js_composer/assets/images/icons/balloon-twitter.png]
[www.atxtechnology.com/wp-content/plugins/js_composer/assets/images/icons/battery-full.png]
[www.atxtechnology.com/wp-content/plugins/js_composer/assets/images/icons/binocular.png]
[www.atxtechnology.com/wp-content/plugins/js_composer/assets/images/icons/blue-document-excel.png]
[www.atxtechnology.com/wp-content/plugins/js_composer/assets/images/icons/blue-document-image.png]
[www.atxtechnology.com/wp-content/plugins/js_composer/assets/images/icons/blue-document-music.png]
[www.atxtechnology.com/wp-content/plugins/js_composer/assets/images/icons/blue-document-office.png]
[www.atxtechnology.com/wp-content/plugins/js_composer/assets/images/icons/blue-document-pdf.png]
[www.atxtechnology.com/wp-content/plugins/js_composer/assets/images/icons/blue-document-powerpoint.png]
[www.atxtechnology.com/wp-content/plugins/js_composer/assets/images/icons/blue-document-word.png]
[www.atxtechnology.com/wp-content/plugins/js_composer/assets/images/icons/bookmark.png]
[www.atxtechnology.com/wp-content/plugins/js_composer/assets/images/icons/camcorder.png]
[www.atxtechnology.com/wp-content/plugins/js_composer/assets/images/icons/camera.png]
[www.atxtechnology.com/wp-content/plugins/js_composer/assets/images/icons/chart.png]
[www.atxtechnology.com/wp-content/plugins/js_composer/assets/images/icons/chart-pie.png]
[www.atxtechnology.com/wp-content/plugins/js_composer/assets/images/icons/clock.png]
[www.atxtechnology.com/wp-content/plugins/js_composer/assets/images/icons/control.png]
[www.atxtechnology.com/wp-content/plugins/js_composer/assets/images/icons/fire.png]
[www.atxtechnology.com/wp-content/plugins/js_composer/assets/images/icons/heart.png]
[www.atxtechnology.com/wp-content/plugins/js_composer/assets/images/icons/mail.png]
[www.atxtechnology.com/wp-content/plugins/js_composer/assets/images/icons/plus-shield.png]
[www.atxtechnology.com/wp-content/plugins/js_composer/assets/images/icons/video.png]
[www.atxtechnology.com/wp-content/plugins/js_composer/assets/fonts/vc_icons_v2/fonts/vcpb-plugin-iconsb82a.eot]
[www.atxtechnology.com/wp-content/plugins/js_composer/assets/fonts/vc_icons_v2/fonts/vcpb-plugin-iconsb82a.ttf]
[www.atxtechnology.com/wp-content/plugins/js_composer/assets/fonts/vc_icons_v2/fonts/vcpb-plugin-iconsb82a.woff]
[www.atxtechnology.com/wp-content/plugins/js_composer/assets/images/toggle_open.png]
[www.atxtechnology.com/wp-content/plugins/js_composer/assets/images/toggle_close.png]
[www.atxtechnology.com/wp-content/plugins/js_composer/assets/images/flickr.png]
[www.atxtechnology.com/wp-content/plugins/js_composer/assets/fonts/vc_grid/vc_grid_v157a1.eot]
[www.atxtechnology.com/wp-content/plugins/js_composer/assets/fonts/vc_grid/vc_grid_v1d41d.eot]
[www.atxtechnology.com/wp-content/plugins/js_composer/assets/fonts/vc_grid/vc_grid_v157a1.woff]
[www.atxtechnology.com/wp-content/plugins/js_composer/assets/fonts/vc_grid/vc_grid_v157a1.ttf]
[www.atxtechnology.com/wp-content/plugins/js_composer/assets/images/spinner.gif]
[www.atxtechnology.com/wp-content/plugins/js_composer/assets/vc/remove.png]
[www.atxtechnology.com/wp-content/plugins/js_composer/assets/css/js_composer.minaec2.css]
[www.atxtechnology.com/wp-content/themes/induzy/assets/fonts/fontawesome-webfont3e6e.eot]
[www.atxtechnology.com/wp-content/themes/induzy/assets/fonts/fontawesome-webfontd41d.eot]
[www.atxtechnology.com/wp-content/themes/induzy/assets/fonts/fontawesome-webfont3e6e.woff2]
[www.atxtechnology.com/wp-content/themes/induzy/assets/fonts/fontawesome-webfont3e6e.woff]
[www.atxtechnology.com/wp-content/themes/induzy/assets/fonts/fontawesome-webfont3e6e.ttf]
[www.atxtechnology.com/wp-content/themes/induzy/assets/fonts/Simple-Line-Icons.eot]
[www.atxtechnology.com/wp-content/themes/induzy/assets/fonts/Simple-Line-Iconsd41d.eot]
[www.atxtechnology.com/wp-content/themes/induzy/assets/fonts/Simple-Line-Icons.woff]
[www.atxtechnology.com/wp-content/themes/induzy/assets/fonts/Simple-Line-Icons.ttf]
[www.atxtechnology.com/wp-content/themes/induzy/assets/css/theme.min5152.css]
[www.atxtechnology.com/wp-content/themes/induzy/style5152.css]
[www.atxtechnology.com/wp-content/themes/induzy/assets/css/shortcode5152.css]
[www.atxtechnology.com/wp-content/themes/induzy/assets/images/icon-select.png]
[www.atxtechnology.com/wp-content/uploads/induzy/theme_15152.css]
[www.atxtechnology.com/wp-content/themes/induzy-child/style.css]
[www.atxtechnology.com/wp-json/wp/v2/pages/1019.json]
[www.atxtechnology.com/wp-json/oembed/1.0/embede62c.json]
[www.atxtechnology.com/wp-json/oembed/1.0/embed812d]
[www.atxtechnology.com/contact-us/index.html]
[www.atxtechnology.com/wp-content/plugins/js_composer/assets/css/js_composer_tta.minaec2.css]
[www.atxtechnology.com/wp-json/wp/v2/pages/458.json]
[www.atxtechnology.com/wp-json/oembed/1.0/embed2e2c.json]
[www.atxtechnology.com/wp-json/oembed/1.0/embed0e1f]
[www.atxtechnology.com/wp-content/uploads/2020/09/About-ATX.jpg]
[www.atxtechnology.com/wp-content/uploads/2020/09/airtel.jpg]
[www.atxtechnology.com/wp-content/plugins/js_composer/assets/lib/vc_accordion/vc-accordion.minaec2.js]
[www.atxtechnology.com/wp-content/plugins/js_composer/assets/lib/vc-tta-autoplay/vc-tta-autoplay.minaec2.js]
[www.atxtechnology.com/wp-content/plugins/js_composer/assets/lib/vc_tabs/vc-tabs.minaec2.js]
[www.atxtechnology.com/about-us/index.html]
[www.atxtechnology.com/wp-json/wp/v2/pages/3773.json]
[www.atxtechnology.com/wp-json/oembed/1.0/embededed.json]
[www.atxtechnology.com/wp-json/oembed/1.0/embed8915]
[www.atxtechnology.com/our-services/index.html]
[www.atxtechnology.com/wp-json/wp/v2/pages/672.json]
[www.atxtechnology.com/wp-json/oembed/1.0/embed82f6.json]
[www.atxtechnology.com/wp-json/oembed/1.0/embed2e80]
[www.atxtechnology.com/wp-content/uploads/2020/09/Network.png]
[www.atxtechnology.com/wp-content/uploads/2020/09/Copper-Fiber-Optic-Network-Construction.jpg]
[www.atxtechnology.com/wp-content/uploads/2020/09/Aerial-Cable-Construction.jpg]
[www.atxtechnology.com/wp-content/uploads/2020/09/Underground-Power-Line-Construction.jpg]
[www.atxtechnology.com/wp-content/uploads/2020/09/Installaed-Tower-equipments.jpg]
[www.atxtechnology.com/wp-content/uploads/2020/09/IMG-20170505-WA0013.jpg]
[www.atxtechnology.com/wp-content/uploads/2020/09/inside-plant-cable-and-structured-wiring.jpg]
[www.atxtechnology.com/wp-content/uploads/2020/09/Wireless-Network-Deployment-2-1.jpg]
[www.atxtechnology.com/wp-content/uploads/2020/09/download.jpg]
[www.atxtechnology.com/telecom-infrastructure-services/index.html]
[www.atxtechnology.com/wp-json/wp/v2/pages/3419.json]
[www.atxtechnology.com/wp-json/oembed/1.0/embed39f4.json]
[www.atxtechnology.com/wp-json/oembed/1.0/embeddd7a]
[www.atxtechnology.com/telecom-infrastructure-services/osp-construction/index.html]
[www.atxtechnology.com/wp-json/wp/v2/pages/3422.json]
[www.atxtechnology.com/wp-json/oembed/1.0/embedcaff.json]
[www.atxtechnology.com/wp-json/oembed/1.0/embedcca5]
[www.atxtechnology.com/telecom-infrastructure-services/underground-cable-construction/index.html]
[www.atxtechnology.com/wp-json/wp/v2/pages/3426.json]
[www.atxtechnology.com/wp-json/oembed/1.0/embeda28a.json]
[www.atxtechnology.com/wp-json/oembed/1.0/embed080c]
[www.atxtechnology.com/telecom-infrastructure-services/inside-plant-cabling-structured-cabling/index.html]
[www.atxtechnology.com/wp-json/wp/v2/pages/3429.json]
[www.atxtechnology.com/wp-json/oembed/1.0/embed1d22.json]
[www.atxtechnology.com/wp-json/oembed/1.0/embed4633]
[www.atxtechnology.com/telecom-infrastructure-services/atx-technology-telecom-critical-power-cooling-equipment-services/index.html]
[www.atxtechnology.com/wp-json/wp/v2/pages/3431.json]
[www.atxtechnology.com/wp-json/oembed/1.0/embedead1.json]
[www.atxtechnology.com/wp-json/oembed/1.0/embed47b4]
[www.atxtechnology.com/telecom-infrastructure-services/wireless-network-planning/index.html]
[www.atxtechnology.com/wp-json/wp/v2/pages/3433.json]
[www.atxtechnology.com/wp-json/oembed/1.0/embeda1f7.json]
[www.atxtechnology.com/wp-json/oembed/1.0/embed8b8f]
[www.atxtechnology.com/telecom-infrastructure-services/wireless-network-deployment/index.html]
[www.atxtechnology.com/wp-json/wp/v2/pages/3437.json]
[www.atxtechnology.com/wp-json/oembed/1.0/embed48ab.json]
[www.atxtechnology.com/wp-json/oembed/1.0/embed6194]
[www.atxtechnology.com/telecom-infrastructure-services/satellite-receiving-station-construction/index.html]
[www.atxtechnology.com/wp-json/wp/v2/pages/3424.json]
[www.atxtechnology.com/wp-json/oembed/1.0/embed92be.json]
[www.atxtechnology.com/wp-json/oembed/1.0/embed937f]
[www.atxtechnology.com/telecom-infrastructure-services/aerial-cable-construction/index.html]
[www.atxtechnology.com/wp-json/wp/v2/pages/703.json]
[www.atxtechnology.com/wp-json/oembed/1.0/embedbd0e.json]
[www.atxtechnology.com/wp-json/oembed/1.0/embed7feb]
[www.atxtechnology.com/telecom-infrastructure-services/copper-fiber-optic-network-construction/index.html]
[www.atxtechnology.com/wp-json/wp/v2/pages/3557.json]
[www.atxtechnology.com/wp-json/oembed/1.0/embed9a8c.json]
[www.atxtechnology.com/wp-json/oembed/1.0/embede6f5]
[www.atxtechnology.com/wp-content/uploads/2020/09/power-line-structures.jpg]
[www.atxtechnology.com/wp-content/uploads/2020/09/Transformer-Installation-Maintenance-Repairs.jpg]
[www.atxtechnology.com/wp-content/uploads/2020/09/Underground-Power-Line-Construction-1.jpg]
[www.atxtechnology.com/wp-content/uploads/2020/09/Substation-Switchgear-Installation.jpg]
[www.atxtechnology.com/wp-content/uploads/2020/09/over-head-power-line.jpg]
[www.atxtechnology.com/power-infrastructure-services/index.html]
[www.atxtechnology.com/wp-json/wp/v2/pages/3449.json]
[www.atxtechnology.com/wp-json/oembed/1.0/embedd0ce.json]
[www.atxtechnology.com/wp-json/oembed/1.0/embedd97c]
[www.atxtechnology.com/power-infrastructure-services/power-line-structures-civil-build/index.html]
[www.atxtechnology.com/wp-json/wp/v2/pages/3451.json]
[www.atxtechnology.com/wp-json/oembed/1.0/embedbe7b.json]
[www.atxtechnology.com/wp-json/oembed/1.0/embed3e0c]
[www.atxtechnology.com/power-infrastructure-services/underground-power-line-construction/index.html]
[www.atxtechnology.com/wp-json/wp/v2/pages/3453.json]
[www.atxtechnology.com/wp-json/oembed/1.0/embedafe0.json]
[www.atxtechnology.com/wp-json/oembed/1.0/embede3ae]
[www.atxtechnology.com/power-infrastructure-services/overhead-power-line-construction/index.html]
[www.atxtechnology.com/wp-json/wp/v2/pages/3455.json]
[www.atxtechnology.com/wp-json/oembed/1.0/embed33d7.json]
[www.atxtechnology.com/wp-json/oembed/1.0/embed7bc5]
[www.atxtechnology.com/power-infrastructure-services/transformer-installation-maintenance-repairs/index.html]
[www.atxtechnology.com/wp-json/wp/v2/pages/3457.json]
[www.atxtechnology.com/wp-json/oembed/1.0/embeddf38.json]
[www.atxtechnology.com/wp-json/oembed/1.0/embedf897]
[www.atxtechnology.com/power-infrastructure-services/substation-switchgear-installation/index.html]
[www.atxtechnology.com/wp-json/wp/v2/pages/3408.json]
[www.atxtechnology.com/wp-json/oembed/1.0/embed8c20.json]
[www.atxtechnology.com/wp-json/oembed/1.0/embed2847]
[www.atxtechnology.com/wp-content/uploads/2020/09/directional-drilling-and-moling.jpg]
[www.atxtechnology.com/wp-content/uploads/2020/09/water.jpg]
[www.atxtechnology.com/wp-content/uploads/2020/09/site-build.jpg]
[www.atxtechnology.com/civil-works/index.html]
[www.atxtechnology.com/wp-json/wp/v2/pages/3471.json]
[www.atxtechnology.com/wp-json/oembed/1.0/embedd2ad.json]
[www.atxtechnology.com/wp-json/oembed/1.0/embed3dab]
[www.atxtechnology.com/civil-works/directional-drilling-moling/index.html]
[www.atxtechnology.com/wp-json/wp/v2/pages/3469.json]
[www.atxtechnology.com/wp-json/oembed/1.0/embedea34.json]
[www.atxtechnology.com/wp-json/oembed/1.0/embed7c99]
[www.atxtechnology.com/civil-works/water-infrastructure-services/index.html]
[www.atxtechnology.com/wp-json/wp/v2/pages/3473.json]
[www.atxtechnology.com/wp-json/oembed/1.0/embed598b.json]
[www.atxtechnology.com/wp-json/oembed/1.0/embedadce]
[www.atxtechnology.com/civil-works/site-build-civil-works/index.html]
[www.atxtechnology.com/wp-json/wp/v2/pages/3409.json]
[www.atxtechnology.com/wp-json/oembed/1.0/embed949f.json]
[www.atxtechnology.com/wp-json/oembed/1.0/embeddfc4]
[www.atxtechnology.com/wp-content/uploads/2020/09/enginearing.jpg]
[www.atxtechnology.com/wp-content/uploads/2020/09/private-premises-1.png]
[www.atxtechnology.com/wp-content/uploads/2020/09/sales.jpg]
[www.atxtechnology.com/wp-content/uploads/2020/09/electrical.jpg]
[www.atxtechnology.com/engineering-managed-services/index.html]
[www.atxtechnology.com/wp-json/wp/v2/pages/3475.json]
[www.atxtechnology.com/wp-json/oembed/1.0/embed81dc.json]
[www.atxtechnology.com/wp-json/oembed/1.0/embedf43f]
[www.atxtechnology.com/engineering-managed-services/engineering-services/index.html]
[www.atxtechnology.com/wp-json/wp/v2/pages/3479.json]
[www.atxtechnology.com/wp-json/oembed/1.0/embed7577.json]
[www.atxtechnology.com/wp-json/oembed/1.0/embed56de]
[www.atxtechnology.com/wp-content/uploads/2020/09/private-premises.png]
[www.atxtechnology.com/engineering-managed-services/project-management/index.html]
[www.atxtechnology.com/wp-json/wp/v2/pages/3482.json]
[www.atxtechnology.com/wp-json/oembed/1.0/embeda090.json]
[www.atxtechnology.com/wp-json/oembed/1.0/embed82c1]
[www.atxtechnology.com/engineering-managed-services/electrical-maintenance-repair/index.html]
[www.atxtechnology.com/wp-json/wp/v2/pages/3484.json]
[www.atxtechnology.com/wp-json/oembed/1.0/embed3d86.json]
[www.atxtechnology.com/wp-json/oembed/1.0/embed1b6e]
[www.atxtechnology.com/civil-works/site-build-civil-works/24-7-emergency-response-fiber-repair/index.html]
[www.atxtechnology.com/wp-json/wp/v2/pages/3486.json]
[www.atxtechnology.com/wp-json/oembed/1.0/embeda6df.json]
[www.atxtechnology.com/wp-json/oembed/1.0/embedf371]
[www.atxtechnology.com/engineering-managed-services/sales-and-distribution/index.html]
[www.atxtechnology.com/wp-json/wp/v2/pages/827.json]
[www.atxtechnology.com/wp-json/oembed/1.0/embedc66e.json]
[www.atxtechnology.com/wp-json/oembed/1.0/embed5e10]
[www.atxtechnology.com/wp-content/uploads/2020/09/zu.jpg]
[www.atxtechnology.com/wp-content/uploads/2020/09/zu-440x260.jpg]
[www.atxtechnology.com/portfolio/zuku/index.html]
[www.atxtechnology.com/portfolio/umeme/index.html]
[www.atxtechnology.com/wp-content/uploads/2020/09/ummeme-2.jpg]
[www.atxtechnology.com/wp-content/uploads/2020/09/ummeme-2-440x260.jpg]
[www.atxtechnology.com/wp-content/uploads/2020/09/huiewei-1.jpg]
[www.atxtechnology.com/wp-content/uploads/2020/09/huiewei-1-440x260.jpg]
[www.atxtechnology.com/portfolio/huawei/index.html]
[www.atxtechnology.com/wp-content/uploads/2020/09/google-client-1.jpg]
[www.atxtechnology.com/wp-content/uploads/2020/09/google-client-1-440x260.jpg]
[www.atxtechnology.com/portfolio/google-metropolitan-wifi/index.html]
[www.atxtechnology.com/wp-content/uploads/2020/09/fire-drills-1.jpg]
[www.atxtechnology.com/portfolio/fire-drill/index.html]
[www.atxtechnology.com/wp-content/uploads/2020/09/fire-drills-1-440x260.jpg]
[www.atxtechnology.com/wp-content/uploads/2020/09/eton-1.jpg]
[www.atxtechnology.com/wp-content/uploads/2020/09/eton-1-440x260.jpg]
[www.atxtechnology.com/portfolio/eaton/index.html]
[www.atxtechnology.com/wp-content/uploads/2020/09/airtel-1.jpg]
[www.atxtechnology.com/wp-content/uploads/2020/09/airtel-1-440x260.jpg]
[www.atxtechnology.com/projects/index.html]
[www.atxtechnology.com/portfolio/airtel/index.html]
[www.atxtechnology.com/wp-content/uploads/2020/09/ummeme-2-768x456.jpg]
[www.atxtechnology.com/wp-content/uploads/2020/09/huiewei-1-768x456.jpg]
[www.atxtechnology.com/portfolio-category/key-projects/feed/index.html]
[www.atxtechnology.com/wp-content/uploads/2020/09/google-client-1-768x456.jpg]
[www.atxtechnology.com/wp-content/uploads/2020/09/fire-drills-1-768x456.jpg]
[www.atxtechnology.com/wp-content/uploads/2020/09/eton-1-768x456.jpg]
[www.atxtechnology.com/wp-content/uploads/2020/09/airtel-1-768x456.jpg]
[www.atxtechnology.com/portfolio-category/key-projects/index.html]
[www.atxtechnology.com/wp-content/uploads/2020/09/zu-768x456.jpg]
[www.atxtechnology.com/portfolio-category/completed-projects/index.html]
[www.atxtechnology.com/portfolio-category/completed-projects/feed/index.html]
[www.atxtechnology.com/wp-json/wp/v2/pages/686.json]
[www.atxtechnology.com/wp-json/oembed/1.0/embed8564.json]
[www.atxtechnology.com/wp-json/oembed/1.0/embedafd3]
[www.atxtechnology.com/job-posting/index.html]
[www.atxtechnology.com/wp-json/wp/v2/pages/549.json]
[www.atxtechnology.com/wp-json/oembed/1.0/embed8061.json]
[www.atxtechnology.com/wp-json/oembed/1.0/embedf39a]
[www.atxtechnology.com/why-work-here/index.html]
[www.atxtechnology.com/atxtech/mailto_info@atxtechnology.html]
[www.atxtechnology.com/wp-content/plugins/revslider/public/assets/fonts/font-awesome/fonts/fontawesome-webfont3e6e.eot]
[www.atxtechnology.com/wp-content/plugins/revslider/public/assets/fonts/font-awesome/fonts/fontawesome-webfontd41d.eot]
[www.atxtechnology.com/wp-content/plugins/revslider/public/assets/fonts/font-awesome/fonts/fontawesome-webfont3e6e.woff2]
[www.atxtechnology.com/wp-content/plugins/revslider/public/assets/fonts/font-awesome/fonts/fontawesome-webfont3e6e.woff]
[www.atxtechnology.com/wp-content/plugins/revslider/public/assets/fonts/font-awesome/fonts/fontawesome-webfont3e6e.ttf]
[www.atxtechnology.com/wp-content/plugins/revslider/public/assets/fonts/font-awesome/css/font-awesome.css]
[www.atxtechnology.com/wp-content/plugins/revslider/public/assets/fonts/revicons/revicons90c6.svg]
[www.atxtechnology.com/wp-content/plugins/revslider/public/assets/css/openhand.html]
[www.atxtechnology.com/wp-content/plugins/revslider/public/assets/css/closedhand.html]
[www.atxtechnology.com/wp-content/plugins/js_composer/assets/fonts/vc_icons_v2/fonts/vcpb-plugin-iconsb82a.svg]
[www.atxtechnology.com/wp-content/plugins/js_composer/assets/vc/blur.svg]
[www.atxtechnology.com/wp-content/plugins/js_composer/assets/fonts/vc_grid/vc_grid_v157a1.svg]
[www.atxtechnology.com/wp-content/themes/induzy/assets/fonts/fontawesome-webfont3e6e.svg]
[www.atxtechnology.com/wp-content/themes/induzy/assets/fonts/Simple-Line-Icons.svg]
[www.atxtechnology.com/wp-content/themes/induzy/assets/css/owl.video.play.html]
[www.atxtechnology.com/wp-content/themes/induzy/assets/css/font/ytp-regular.html]
[www.atxtechnology.com/index1bd8.html]
[www.atxtechnology.com/wp-content/plugins/js_composer/assets/css/js_composer_tta.minaec2.css]
[www.atxtechnology.com/indexf7f8.html]
[www.atxtechnology.com/indexd10e.html]
[www.atxtechnology.com/indexaa11.html]
[www.atxtechnology.com/index3c39.html]
[www.atxtechnology.com/index7129.html]
[www.atxtechnology.com/index74fd.html]
[www.atxtechnology.com/index5f87.html]
[www.atxtechnology.com/index3f38.html]
[www.atxtechnology.com/index3e24.html]
[www.atxtechnology.com/index09c6.html]
[www.atxtechnology.com/indexe4af.html]
[www.atxtechnology.com/indexf993.html]
[www.atxtechnology.com/index4521.html]
[www.atxtechnology.com/index7d7e.html]
[www.atxtechnology.com/indexb726.html]
[www.atxtechnology.com/index5916.html]
[www.atxtechnology.com/index4b1c.html]
[www.atxtechnology.com/indexb80b.html]
[www.atxtechnology.com/index2297.html]
[www.atxtechnology.com/index136a.html]
[www.atxtechnology.com/indexc641.html]
[www.atxtechnology.com/index08fe.html]
[www.atxtechnology.com/index39b9.html]
[www.atxtechnology.com/site-build-civil-works/24-7-emergency-response-fiber-repair/index.html]
[www.atxtechnology.com/index8e05.html]
[www.atxtechnology.com/index3f27.html]
[www.atxtechnology.com/index761f.html]
[www.atxtechnology.com/index5842.html]
[www.atxtechnology.com/index444b.html]
[www.atxtechnology.com/indexc6a5.html]
[www.atxtechnology.com/wp-json/oembed/1.0/embedde5e.json]
[www.atxtechnology.com/wp-json/oembed/1.0/embed410c]
[www.atxtechnology.com/wp-content/uploads/2020/09/ummeme-2-390x231.jpg]
[www.atxtechnology.com/wp-content/uploads/2020/09/huiewei-1-390x231.jpg]
[www.atxtechnology.com/portfolio/index.html]
[www.atxtechnology.com/portfolio-category/telecom-infrastructure/index.html]
[www.atxtechnology.com/wp-content/uploads/2020/09/google-client-1-390x231.jpg]
[www.atxtechnology.com/wp-content/uploads/2020/09/fire-drills-1-390x231.jpg]
[www.atxtechnology.com/wp-content/uploads/2020/09/eton-1-390x231.jpg]
[www.atxtechnology.com/wp-content/uploads/2020/09/airtel-1-390x231.jpg]
[www.atxtechnology.com/portfolio/zuku/index.html]
[www.atxtechnology.com/wp-json/oembed/1.0/embed901d.json]
[www.atxtechnology.com/wp-json/oembed/1.0/embed8dc6]
[www.atxtechnology.com/wp-content/uploads/2020/09/zu-390x231.jpg]
[www.atxtechnology.com/portfolio/umeme/index.html]
[www.atxtechnology.com/portfolio-category/power-infrastructure/index.html]
[www.atxtechnology.com/wp-json/oembed/1.0/embed05f9.json]
[www.atxtechnology.com/wp-json/oembed/1.0/embeda945]
[www.atxtechnology.com/portfolio/huawei/index.html]
[www.atxtechnology.com/wp-json/oembed/1.0/embedbf6f.json]
[www.atxtechnology.com/wp-json/oembed/1.0/embed89c1]
[www.atxtechnology.com/portfolio/google-metropolitan-wifi/index.html]
[www.atxtechnology.com/wp-json/oembed/1.0/embed46ff.json]
[www.atxtechnology.com/wp-json/oembed/1.0/embed2670]
[www.atxtechnology.com/portfolio/fire-drill/index.html]
[www.atxtechnology.com/wp-json/oembed/1.0/embedc02e.json]
[www.atxtechnology.com/portfolio-category/civil-works/index.html]
[www.atxtechnology.com/wp-json/oembed/1.0/embedffa7]
[www.atxtechnology.com/portfolio/eaton/index.html]
[www.atxtechnology.com/wp-json/oembed/1.0/embed47dc.json]
[www.atxtechnology.com/portfolio-category/engineering-managed-services/index.html]
[www.atxtechnology.com/wp-json/oembed/1.0/embed94fc]
[www.atxtechnology.com/portfolio/airtel/index.html]
[www.atxtechnology.com/index3f66.html]
[www.atxtechnology.com/indexbcc1.html]
[www.atxtechnology.com/wp-content/plugins/revslider/public/assets/fonts/font-awesome/fonts/fontawesome-webfont3e6e.svg]
[www.atxtechnology.com/index86cb.html]
[www.atxtechnology.com/portfolio/index.html]
[www.atxtechnology.com/portfolio-category/telecom-infrastructure/index.html]
[www.atxtechnology.com/portfolio/feed/index.html]
[www.atxtechnology.com/indexed0a.html]
[www.atxtechnology.com/author/enock/index.html]
[www.atxtechnology.com/portfolio-category/power-infrastructure/index.html]
[www.atxtechnology.com/indexc90c.html]
[www.atxtechnology.com/index1305.html]
[www.atxtechnology.com/indexa66f.html]
[www.atxtechnology.com/portfolio-category/civil-works/index.html]
[www.atxtechnology.com/index0529.html]
[www.atxtechnology.com/portfolio-category/engineering-managed-services/index.html]
[www.atxtechnology.com/portfolio-category/telecom-infrastructure/feed/index.html]
[www.atxtechnology.com/indexbf88.html]
[www.atxtechnology.com/2020/09/07/index.html]
[www.atxtechnology.com/portfolio-category/power-infrastructure/feed/index.html]
[www.atxtechnology.com/portfolio-category/civil-works/feed/index.html]
[www.atxtechnology.com/portfolio-category/engineering-managed-services/feed/index.html]
[www.atxtechnology.com/wp-json/wp/v2/users/2.json]
[www.atxtechnology.com/author/enock/index.html]
[www.atxtechnology.com/author/enock/feed/index.html]
